// Jest Snapshot v1, https://goo.gl/fbAQLP

exports[`channel get url 1`] = `
Object {
  "data": undefined,
  "headers": Object {
    "user-agent": "node-superagent/3.8.1",
    "x-api-key": "foobar",
  },
  "method": "GET",
  "url": "http://www.google.com/hello",
}
`;
